<?xml version="1.0" encoding="UTF-8"?>
<TestRun id="02293892-5408-4a73-a414-192c50f6ea12" name="dan.colarossi@EME-W-583 2013-07-03 16:11:33" runUser="OAMPSINS\dan.colarossi" xmlns="http://microsoft.com/schemas/VisualStudio/TeamTest/2010">
  <TestSettings name="Local" id="48d37155-d630-460e-9546-ad3dd099f68e">
    <Description>These are default test settings for a local test run.</Description>
    <Deployment enabled="false" runDeploymentRoot="dan.colarossi_EME-W-583 2013-07-03 16_11_33">
      <DeploymentItem filename="C:\Projects\obscode\OAMPS\OAMPS\WordAutomation\Main\src\OfficeTemplates\OAMPS.Office.BusinessLogic\bin\Debug\OAMPS.Office.BusinessLogic.dll" />
    </Deployment>
    <Execution>
      <TestTypeSpecific />
      <AgentRule name="Execution Agents">
      </AgentRule>
    </Execution>
  </TestSettings>
  <Times creation="2013-07-03T16:11:33.2130898+10:00" queuing="2013-07-03T16:11:33.9005854+10:00" start="2013-07-03T16:11:34.0412095+10:00" finish="2013-07-03T16:12:05.4472585+10:00" />
  <ResultSummary outcome="Error">
    <Counters total="6" executed="3" passed="2" error="0" failed="0" timeout="0" aborted="1" inconclusive="0" passedButRunAborted="0" notRunnable="0" notExecuted="3" disconnected="0" warning="0" completed="0" inProgress="0" pending="0" />
    <RunInfos>
      <RunInfo computerName="EME-W-583" outcome="Error" timestamp="2013-07-03T16:12:05.4472585+10:00">
        <Text>Test host process exited unexpectedly.</Text>
      </RunInfo>
    </RunInfos>
  </ResultSummary>
  <TestDefinitions>
    <UnitTest name="PopulateGraphicsTest" storage="c:\projects\obscode\oamps\oamps\wordautomation\main\src\officetemplates\oamps.office.tests.unittest\bin\debug\oamps.office.tests.unittest.dll" id="09412fa5-a87a-794a-874a-44bf2fc68153">
      <Execution id="3b6bf4af-d3b8-49c0-8496-2daedf5f1871" />
      <TestMethod codeBase="C:/Projects/obscode/OAMPS/OAMPS/WordAutomation/Main/src/OfficeTemplates/OAMPS.Office.Tests.UnitTest/bin/Debug/OAMPS.Office.Tests.UnitTest.DLL" adapterTypeName="Microsoft.VisualStudio.TestTools.TestTypes.Unit.UnitTestAdapter, Microsoft.VisualStudio.QualityTools.Tips.UnitTest.Adapter, Version=10.0.0.0, Culture=neutral, PublicKeyToken=b03f5f7f11d50a3a" className="OAMPS.Office.Tests.UnitTest.InsuranceRenewealReportPresenterTest, OAMPS.Office.Tests.UnitTest, Version=1.0.0.0, Culture=neutral, PublicKeyToken=null" name="PopulateGraphicsTest" />
    </UnitTest>
    <UnitTest name="LoadIncludedPolicyClassesTest" storage="c:\projects\obscode\oamps\oamps\wordautomation\main\src\officetemplates\oamps.office.tests.unittest\bin\debug\oamps.office.tests.unittest.dll" id="656dd4e3-f4ca-d94f-64f3-22c9b1779827">
      <Execution id="89ca7d4b-f823-46ee-bf1a-1276869ed23a" />
      <TestMethod codeBase="C:/Projects/obscode/OAMPS/OAMPS/WordAutomation/Main/src/OfficeTemplates/OAMPS.Office.Tests.UnitTest/bin/Debug/OAMPS.Office.Tests.UnitTest.DLL" adapterTypeName="Microsoft.VisualStudio.TestTools.TestTypes.Unit.UnitTestAdapter, Microsoft.VisualStudio.QualityTools.Tips.UnitTest.Adapter, Version=10.0.0.0, Culture=neutral, PublicKeyToken=b03f5f7f11d50a3a" className="OAMPS.Office.Tests.UnitTest.InsuranceRenewealReportPresenterTest, OAMPS.Office.Tests.UnitTest, Version=1.0.0.0, Culture=neutral, PublicKeyToken=null" name="LoadIncludedPolicyClassesTest" />
    </UnitTest>
    <UnitTest name="PopulateImportantNoticesTest" storage="c:\projects\obscode\oamps\oamps\wordautomation\main\src\officetemplates\oamps.office.tests.unittest\bin\debug\oamps.office.tests.unittest.dll" id="7258d20b-e5a9-3ccc-1de2-afddb63763d5">
      <Execution id="f802b152-b9a8-4d4d-9676-8fce175978eb" />
      <TestMethod codeBase="C:/Projects/obscode/OAMPS/OAMPS/WordAutomation/Main/src/OfficeTemplates/OAMPS.Office.Tests.UnitTest/bin/Debug/OAMPS.Office.Tests.UnitTest.DLL" adapterTypeName="Microsoft.VisualStudio.TestTools.TestTypes.Unit.UnitTestAdapter, Microsoft.VisualStudio.QualityTools.Tips.UnitTest.Adapter, Version=10.0.0.0, Culture=neutral, PublicKeyToken=b03f5f7f11d50a3a" className="OAMPS.Office.Tests.UnitTest.InsuranceRenewealReportPresenterTest, OAMPS.Office.Tests.UnitTest, Version=1.0.0.0, Culture=neutral, PublicKeyToken=null" name="PopulateImportantNoticesTest" />
    </UnitTest>
    <UnitTest name="DeletePageTest" storage="c:\projects\obscode\oamps\oamps\wordautomation\main\src\officetemplates\oamps.office.tests.unittest\bin\debug\oamps.office.tests.unittest.dll" id="befde1ec-4b46-714d-560e-66dcd6bd3ef1">
      <Execution id="114ffd89-e115-476e-9235-158ec40f7597" />
      <TestMethod codeBase="C:/Projects/obscode/OAMPS/OAMPS/WordAutomation/Main/src/OfficeTemplates/OAMPS.Office.Tests.UnitTest/bin/Debug/OAMPS.Office.Tests.UnitTest.DLL" adapterTypeName="Microsoft.VisualStudio.TestTools.TestTypes.Unit.UnitTestAdapter, Microsoft.VisualStudio.QualityTools.Tips.UnitTest.Adapter, Version=10.0.0.0, Culture=neutral, PublicKeyToken=b03f5f7f11d50a3a" className="OAMPS.Office.Tests.UnitTest.InsuranceRenewealReportPresenterTest, OAMPS.Office.Tests.UnitTest, Version=1.0.0.0, Culture=neutral, PublicKeyToken=null" name="DeletePageTest" />
    </UnitTest>
    <UnitTest name="PopulateBasisOfCoverTest" storage="c:\projects\obscode\oamps\oamps\wordautomation\main\src\officetemplates\oamps.office.tests.unittest\bin\debug\oamps.office.tests.unittest.dll" id="be201511-b4c4-b775-8b4f-a19d98eaec7a">
      <Execution id="6490685c-d1be-4230-ae31-b64f3203ce8a" />
      <TestMethod codeBase="C:/Projects/obscode/OAMPS/OAMPS/WordAutomation/Main/src/OfficeTemplates/OAMPS.Office.Tests.UnitTest/bin/Debug/OAMPS.Office.Tests.UnitTest.DLL" adapterTypeName="Microsoft.VisualStudio.TestTools.TestTypes.Unit.UnitTestAdapter, Microsoft.VisualStudio.QualityTools.Tips.UnitTest.Adapter, Version=10.0.0.0, Culture=neutral, PublicKeyToken=b03f5f7f11d50a3a" className="OAMPS.Office.Tests.UnitTest.InsuranceRenewealReportPresenterTest, OAMPS.Office.Tests.UnitTest, Version=1.0.0.0, Culture=neutral, PublicKeyToken=null" name="PopulateBasisOfCoverTest" />
    </UnitTest>
    <UnitTest name="CheckNameTest" storage="c:\projects\obscode\oamps\oamps\wordautomation\main\src\officetemplates\oamps.office.tests.unittest\bin\debug\oamps.office.tests.unittest.dll" id="9d39ceac-35f1-f4cd-6c57-ae90f580cb86">
      <Execution id="de59a7d9-1899-4946-8369-15752b795ed6" />
      <TestMethod codeBase="C:/Projects/obscode/OAMPS/OAMPS/WordAutomation/Main/src/OfficeTemplates/OAMPS.Office.Tests.UnitTest/bin/Debug/OAMPS.Office.Tests.UnitTest.DLL" adapterTypeName="Microsoft.VisualStudio.TestTools.TestTypes.Unit.UnitTestAdapter, Microsoft.VisualStudio.QualityTools.Tips.UnitTest.Adapter, Version=10.0.0.0, Culture=neutral, PublicKeyToken=b03f5f7f11d50a3a" className="OAMPS.Office.Tests.UnitTest.InsuranceRenewealReportPresenterTest, OAMPS.Office.Tests.UnitTest, Version=1.0.0.0, Culture=neutral, PublicKeyToken=null" name="CheckNameTest" />
    </UnitTest>
  </TestDefinitions>
  <TestLists>
    <TestList name="Results Not in a List" id="8c84fa94-04c1-424b-9868-57a2d4851a1d" />
    <TestList name="All Loaded Results" id="19431567-8539-422a-85d7-44ee4e166bda" />
  </TestLists>
  <TestEntries>
    <TestEntry testId="09412fa5-a87a-794a-874a-44bf2fc68153" executionId="3b6bf4af-d3b8-49c0-8496-2daedf5f1871" testListId="8c84fa94-04c1-424b-9868-57a2d4851a1d" />
    <TestEntry testId="656dd4e3-f4ca-d94f-64f3-22c9b1779827" executionId="89ca7d4b-f823-46ee-bf1a-1276869ed23a" testListId="8c84fa94-04c1-424b-9868-57a2d4851a1d" />
    <TestEntry testId="7258d20b-e5a9-3ccc-1de2-afddb63763d5" executionId="f802b152-b9a8-4d4d-9676-8fce175978eb" testListId="8c84fa94-04c1-424b-9868-57a2d4851a1d" />
    <TestEntry testId="9d39ceac-35f1-f4cd-6c57-ae90f580cb86" executionId="de59a7d9-1899-4946-8369-15752b795ed6" testListId="8c84fa94-04c1-424b-9868-57a2d4851a1d" />
    <TestEntry testId="be201511-b4c4-b775-8b4f-a19d98eaec7a" executionId="6490685c-d1be-4230-ae31-b64f3203ce8a" testListId="8c84fa94-04c1-424b-9868-57a2d4851a1d" />
    <TestEntry testId="befde1ec-4b46-714d-560e-66dcd6bd3ef1" executionId="114ffd89-e115-476e-9235-158ec40f7597" testListId="8c84fa94-04c1-424b-9868-57a2d4851a1d" />
  </TestEntries>
  <Results>
    <UnitTestResult executionId="3b6bf4af-d3b8-49c0-8496-2daedf5f1871" testId="09412fa5-a87a-794a-874a-44bf2fc68153" testName="PopulateGraphicsTest" computerName="EME-W-583" duration="00:00:00.0123694" startTime="2013-07-03T16:11:34.1974585+10:00" endTime="2013-07-03T16:11:34.6193308+10:00" testType="13cdc9d9-ddb5-4fa4-a97d-d965ccfc6d4b" outcome="Passed" testListId="8c84fa94-04c1-424b-9868-57a2d4851a1d" relativeResultsDirectory="3b6bf4af-d3b8-49c0-8496-2daedf5f1871">
    </UnitTestResult>
    <UnitTestResult executionId="89ca7d4b-f823-46ee-bf1a-1276869ed23a" testId="656dd4e3-f4ca-d94f-64f3-22c9b1779827" testName="LoadIncludedPolicyClassesTest" computerName="EME-W-583" duration="00:00:00.0033543" startTime="2013-07-03T16:11:34.6193308+10:00" endTime="2013-07-03T16:11:34.6193308+10:00" testType="13cdc9d9-ddb5-4fa4-a97d-d965ccfc6d4b" outcome="Passed" testListId="8c84fa94-04c1-424b-9868-57a2d4851a1d" relativeResultsDirectory="89ca7d4b-f823-46ee-bf1a-1276869ed23a">
    </UnitTestResult>
    <UnitTestResult executionId="f802b152-b9a8-4d4d-9676-8fce175978eb" testId="7258d20b-e5a9-3ccc-1de2-afddb63763d5" testName="PopulateImportantNoticesTest" computerName="EME-W-583" duration="00:00:30.8123028" startTime="2013-07-03T16:11:34.6349557+10:00" endTime="2013-07-03T16:12:05.4472585+10:00" testType="13cdc9d9-ddb5-4fa4-a97d-d965ccfc6d4b" outcome="Aborted" testListId="8c84fa94-04c1-424b-9868-57a2d4851a1d" relativeResultsDirectory="f802b152-b9a8-4d4d-9676-8fce175978eb">
    </UnitTestResult>
    <UnitTestResult executionId="de59a7d9-1899-4946-8369-15752b795ed6" testId="9d39ceac-35f1-f4cd-6c57-ae90f580cb86" testName="CheckNameTest" computerName="EME-W-583" testType="13cdc9d9-ddb5-4fa4-a97d-d965ccfc6d4b" outcome="NotExecuted" testListId="8c84fa94-04c1-424b-9868-57a2d4851a1d" relativeResultsDirectory="de59a7d9-1899-4946-8369-15752b795ed6">
    </UnitTestResult>
    <UnitTestResult executionId="6490685c-d1be-4230-ae31-b64f3203ce8a" testId="be201511-b4c4-b775-8b4f-a19d98eaec7a" testName="PopulateBasisOfCoverTest" computerName="EME-W-583" testType="13cdc9d9-ddb5-4fa4-a97d-d965ccfc6d4b" outcome="NotExecuted" testListId="8c84fa94-04c1-424b-9868-57a2d4851a1d" relativeResultsDirectory="6490685c-d1be-4230-ae31-b64f3203ce8a">
    </UnitTestResult>
    <UnitTestResult executionId="114ffd89-e115-476e-9235-158ec40f7597" testId="befde1ec-4b46-714d-560e-66dcd6bd3ef1" testName="DeletePageTest" computerName="EME-W-583" testType="13cdc9d9-ddb5-4fa4-a97d-d965ccfc6d4b" outcome="NotExecuted" testListId="8c84fa94-04c1-424b-9868-57a2d4851a1d" relativeResultsDirectory="114ffd89-e115-476e-9235-158ec40f7597">
    </UnitTestResult>
  </Results>
</TestRun>